Archive member included to satisfy reference by file (symbol)

f:/program files/1.11/share/em_armgcc/bin/../lib/gcc/arm-none-eabi/5.4.1/armv7-m\libgcc.a(_arm_addsubdf3.o)
                              obj\debug\library\board.o (__aeabi_dsub)
f:/program files/1.11/share/em_armgcc/bin/../lib/gcc/arm-none-eabi/5.4.1/armv7-m\libgcc.a(_arm_muldivdf3.o)
                              obj\debug\library\board.o (__aeabi_dmul)
f:/program files/1.11/share/em_armgcc/bin/../lib/gcc/arm-none-eabi/5.4.1/armv7-m\libgcc.a(_arm_fixdfsi.o)
                              obj\debug\library\board.o (__aeabi_d2iz)
f:/program files/1.11/share/em_armgcc/bin/../lib/gcc/arm-none-eabi/5.4.1/armv7-m\libgcc.a(_arm_cmpsf2.o)
                              obj\debug\library\board.o (__aeabi_fcmplt)
f:/program files/1.11/share/em_armgcc/bin/../lib/gcc/arm-none-eabi/5.4.1/armv7-m\libgcc.a(_arm_fixsfsi.o)
                              obj\debug\library\board.o (__aeabi_f2iz)
f:/program files/1.11/share/em_armgcc/bin/../lib/gcc/arm-none-eabi/5.4.1/../../../../arm-none-eabi/lib/armv7-m\libg_n.a(lib_a-exit.o)
                              f:/program files/1.11/share/em_armgcc/bin/../lib/gcc/arm-none-eabi/5.4.1/../../../../arm-none-eabi/lib/armv7-m/crt0.o (exit)
f:/program files/1.11/share/em_armgcc/bin/../lib/gcc/arm-none-eabi/5.4.1/../../../../arm-none-eabi/lib/armv7-m\libg_n.a(lib_a-impure.o)
                              f:/program files/1.11/share/em_armgcc/bin/../lib/gcc/arm-none-eabi/5.4.1/../../../../arm-none-eabi/lib/armv7-m\libg_n.a(lib_a-exit.o) (_global_impure_ptr)
f:/program files/1.11/share/em_armgcc/bin/../lib/gcc/arm-none-eabi/5.4.1/../../../../arm-none-eabi/lib/armv7-m\libg_n.a(lib_a-init.o)
                              f:/program files/1.11/share/em_armgcc/bin/../lib/gcc/arm-none-eabi/5.4.1/../../../../arm-none-eabi/lib/armv7-m/crt0.o (__libc_init_array)
f:/program files/1.11/share/em_armgcc/bin/../lib/gcc/arm-none-eabi/5.4.1/../../../../arm-none-eabi/lib/armv7-m\libg_n.a(lib_a-memset.o)
                              f:/program files/1.11/share/em_armgcc/bin/../lib/gcc/arm-none-eabi/5.4.1/../../../../arm-none-eabi/lib/armv7-m/crt0.o (memset)
f:/program files/1.11/share/em_armgcc/bin/../lib/gcc/arm-none-eabi/5.4.1/../../../../arm-none-eabi/lib/armv7-m\libnosys_s.a(_exit.o)
                              f:/program files/1.11/share/em_armgcc/bin/../lib/gcc/arm-none-eabi/5.4.1/../../../../arm-none-eabi/lib/armv7-m\libg_n.a(lib_a-exit.o) (_exit)

Allocating common symbols
Common symbol       size              file

BCRPreg             0x30              obj\debug\stand\regulator.o
status              0x4               obj\debug\library\interrupts.o

Discarded input sections

 .text          0x00000000        0x0 f:/program files/1.11/share/em_armgcc/bin/../lib/gcc/arm-none-eabi/5.4.1/armv7-m/crti.o
 .data          0x00000000        0x0 f:/program files/1.11/share/em_armgcc/bin/../lib/gcc/arm-none-eabi/5.4.1/armv7-m/crti.o
 .bss           0x00000000        0x0 f:/program files/1.11/share/em_armgcc/bin/../lib/gcc/arm-none-eabi/5.4.1/armv7-m/crti.o
 .data          0x00000000        0x4 f:/program files/1.11/share/em_armgcc/bin/../lib/gcc/arm-none-eabi/5.4.1/armv7-m/crtbegin.o
 .data          0x00000000        0x0 f:/program files/1.11/share/em_armgcc/bin/../lib/gcc/arm-none-eabi/5.4.1/../../../../arm-none-eabi/lib/armv7-m/crt0.o
 .bss           0x00000000        0x0 f:/program files/1.11/share/em_armgcc/bin/../lib/gcc/arm-none-eabi/5.4.1/../../../../arm-none-eabi/lib/armv7-m/crt0.o
 .ARM.extab     0x00000000        0x0 f:/program files/1.11/share/em_armgcc/bin/../lib/gcc/arm-none-eabi/5.4.1/../../../../arm-none-eabi/lib/armv7-m/crt0.o
 .group         0x00000000        0x8 obj\debug\library\board.o
 .group         0x00000000        0x8 obj\debug\library\board.o
 .group         0x00000000        0x8 obj\debug\library\board.o
 .group         0x00000000        0x8 obj\debug\library\board.o
 .group         0x00000000        0x8 obj\debug\library\board.o
 .group         0x00000000        0x8 obj\debug\library\board.o
 .group         0x00000000        0x8 obj\debug\library\board.o
 .group         0x00000000        0x8 obj\debug\library\board.o
 .group         0x00000000        0x8 obj\debug\library\board.o
 .group         0x00000000        0x8 obj\debug\library\board.o
 .group         0x00000000        0x8 obj\debug\library\board.o
 .group         0x00000000        0x8 obj\debug\library\board.o
 .group         0x00000000        0x8 obj\debug\library\board.o
 .group         0x00000000        0x8 obj\debug\library\board.o
 .group         0x00000000        0x8 obj\debug\library\board.o
 .group         0x00000000        0x8 obj\debug\library\board.o
 .group         0x00000000        0x8 obj\debug\library\board.o
 .group         0x00000000        0x8 obj\debug\library\board.o
 .group         0x00000000        0x8 obj\debug\library\board.o
 .group         0x00000000        0x8 obj\debug\library\board.o
[...]
Memory Configuration

Name             Origin             Length             Attributes
ROM              0x08000000         0x00010000         xr
RAM              0x20000000         0x00005000         xrw
*default*        0x00000000         0xffffffff

Linker script and memory map

LOAD f:/program files/1.11/share/em_armgcc/bin/../lib/gcc/arm-none-eabi/5.4.1/armv7-m/crti.o
LOAD f:/program files/1.11/share/em_armgcc/bin/../lib/gcc/arm-none-eabi/5.4.1/armv7-m/crtbegin.o
LOAD f:/program files/1.11/share/em_armgcc/bin/../lib/gcc/arm-none-eabi/5.4.1/../../../../arm-none-eabi/lib/armv7-m/crt0.o
                0x00000000                __HEAP_SIZE = 0x0
                0x00000100                __STACK_SIZE = 0x100

.text           0x08000000     0x1298
 *(.isr_vector)
 .isr_vector    0x08000000       0xec obj\debug\src\startup_stm32f10x_md.o
                0x08000000                __isr_vector
 *(.text*)
 .text          0x080000ec       0x5c f:/program files/1.11/share/em_armgcc/bin/../lib/gcc/arm-none-eabi/5.4.1/armv7-m/crtbegin.o
 .text          0x08000148       0x74 f:/program files/1.11/share/em_armgcc/bin/../lib/gcc/arm-none-eabi/5.4.1/../../../../arm-none-eabi/lib/armv7-m/crt0.o
                0x08000148                _start
                0x08000148                _mainCRTStartup
 .text.NVIC_EnableIRQ
                0x080001bc       0x30 obj\debug\library\board.o
 .text.NVIC_SetPriority
                0x080001ec       0x54 obj\debug\library\board.o
 .text.SysTick_Config
                0x08000240       0x44 obj\debug\library\board.o
 .text.add_ext_interrupt
                0x08000284      0x134 obj\debug\library\board.o
                0x08000284                add_ext_interrupt
 .text.timEncoderConfigure
                0x080003b8       0x3c obj\debug\library\board.o
                0x080003b8                timEncoderConfigure
 .text.timPWMConfigure
                0x080003f4       0xf4 obj\debug\library\board.o
                0x080003f4                timPWMConfigure
 .text.timPIDConfigure
                0x080004e8       0x44 obj\debug\library\board.o
                0x080004e8                timPIDConfigure
 .text.initAll  0x0800052c      0x438 obj\debug\library\board.o
                0x0800052c                initAll
 .text.TIM2_IRQHandler
                0x08000964       0x3c obj\debug\library\interrupts.o
                0x08000964                TIM2_IRQHandler
 .text.TIM3_IRQHandler
                0x080009a0       0x18 obj\debug\library\interrupts.o
                0x080009a0                TIM3_IRQHandler
 .text.SysTick_Handler
                0x080009b8       0x50 obj\debug\library\interrupts.o
                0x080009b8                SysTick_Handler
 .text.EXTI9_5_IRQHandler
                0x08000a08       0x60 obj\debug\library\interrupts.o
                0x08000a08                EXTI9_5_IRQHandler
 .text.EXTI15_10_IRQHandler
                0x08000a68       0x80 obj\debug\library\interrupts.o
                0x08000a68                EXTI15_10_IRQHandler
 .text.RCC_AHBPeriphClockCmd
                0x08000ae8       0x3c obj\debug\spl\src\stm32f10x_rcc.o
                0x08000ae8                RCC_AHBPeriphClockCmd
 .text.RCC_APB2PeriphClockCmd
                0x08000b24       0x3c obj\debug\spl\src\stm32f10x_rcc.o
                0x08000b24                RCC_APB2PeriphClockCmd
 .text.RCC_APB1PeriphClockCmd
                0x08000b60       0x3c obj\debug\spl\src\stm32f10x_rcc.o
                0x08000b60                RCC_APB1PeriphClockCmd
 .text.main     0x08000b9c       0x1c obj\debug\src\main.o
                0x08000b9c                main
 .text          0x08000bb8       0xb8 obj\debug\src\startup_stm32f10x_md.o
                0x08000bb8                Reset_Handler
                0x08000bfe                NMI_Handler
                0x08000c00                HardFault_Handler
                0x08000c02                MemManage_Handler
                0x08000c04                BusFault_Handler
                0x08000c06                UsageFault_Handler
                0x08000c08                SVC_Handler
                0x08000c0a                DebugMon_Handler
                0x08000c0c                PendSV_Handler
                0x08000c10                Default_Handler
                0x08000c12                WWDG_IRQHandler
                0x08000c14                PVD_IRQHandler
                0x08000c16                TAMPER_IRQHandler
                0x08000c18                RTC_IRQHandler
                0x08000c1a                FLASH_IRQHandler
                0x08000c1c                RCC_IRQHandler
                0x08000c1e                EXTI0_IRQHandler
                0x08000c20                EXTI1_IRQHandler
                0x08000c22                EXTI2_IRQHandler
                0x08000c24                EXTI3_IRQHandler
                0x08000c26                EXTI4_IRQHandler
                0x08000c28                DMA1_Channel1_IRQHandler
                0x08000c2a                DMA1_Channel2_IRQHandler
                0x08000c2c                DMA1_Channel3_IRQHandler
                0x08000c2e                DMA1_Channel4_IRQHandler
                0x08000c30                DMA1_Channel5_IRQHandler
                0x08000c32                DMA1_Channel6_IRQHandler
                0x08000c34                DMA1_Channel7_IRQHandler
                0x08000c36                ADC1_2_IRQHandler
                0x08000c38                USB_HP_CAN1_TX_IRQHandler
                0x08000c3a                USB_LP_CAN1_RX0_IRQHandler
                0x08000c3c                CAN1_RX1_IRQHandler
                0x08000c3e                CAN1_SCE_IRQHandler
                0x08000c42                TIM1_BRK_IRQHandler
                0x08000c44                TIM1_UP_IRQHandler
                0x08000c46                TIM1_TRG_COM_IRQHandler
                0x08000c48                TIM1_CC_IRQHandler
                0x08000c4e                TIM4_IRQHandler
                0x08000c50                I2C1_EV_IRQHandler
                0x08000c52                I2C1_ER_IRQHandler
                0x08000c54                I2C2_EV_IRQHandler
                0x08000c56                I2C2_ER_IRQHandler
                0x08000c58                SPI1_IRQHandler
                0x08000c5a                SPI2_IRQHandler
                0x08000c5c                USART1_IRQHandler
                0x08000c5e                USART2_IRQHandler
                0x08000c60                USART3_IRQHandler
                0x08000c64                RTCAlarm_IRQHandler
                0x08000c66                USBWakeUp_IRQHandler
 .text.SystemInit
                0x08000c70       0x68 obj\debug\src\system_stm32f10x.o
                0x08000c70                SystemInit
 .text.SetSysClock
                0x08000cd8        0xc obj\debug\src\system_stm32f10x.o
 .text.SetSysClockTo72
                0x08000ce4      0x100 obj\debug\src\system_stm32f10x.o
 .text.encoder_input
                0x08000de4       0x20 obj\debug\stand\regulator.o
                0x08000de4                encoder_input
 .text.init_regulator
                0x08000e04       0x20 obj\debug\stand\regulator.o
                0x08000e04                init_regulator
 .text.set_status
                0x08000e24       0x44 obj\debug\stand\regulator.o
                0x08000e24                set_status
 .text.pi_calc  0x08000e68       0x14 obj\debug\stand\regulator.o
                0x08000e68                pi_calc
 .text          0x08000e7c      0x370 f:/program files/1.11/share/em_armgcc/bin/../lib/gcc/arm-none-eabi/5.4.1/armv7-m\libgcc.a(_arm_addsubdf3.o)
                0x08000e7c                __aeabi_drsub
                0x08000e84                __aeabi_dsub
                0x08000e84                __subdf3
                0x08000e88                __aeabi_dadd
                0x08000e88                __adddf3
                0x08001100                __floatunsidf
                0x08001100                __aeabi_ui2d
                0x08001120                __floatsidf
                0x08001120                __aeabi_i2d
                0x08001144                __aeabi_f2d
                0x08001144                __extendsfdf2
                0x08001180                __floatundidf
                0x08001180                __aeabi_ul2d
                0x08001190                __floatdidf
                0x08001190                __aeabi_l2d
 .text.exit     0x080011ec       0x28 f:/program files/1.11/share/em_armgcc/bin/../lib/gcc/arm-none-eabi/5.4.1/../../../../arm-none-eabi/lib/armv7-m\libg_n.a(lib_a-exit.o)
                0x080011ec                exit
 .text.__libc_init_array
                0x08001214       0x4c f:/program files/1.11/share/em_armgcc/bin/../lib/gcc/arm-none-eabi/5.4.1/../../../../arm-none-eabi/lib/armv7-m\libg_n.a(lib_a-init.o)
                0x08001214                __libc_init_array
 .text.memset   0x08001260       0x10 f:/program files/1.11/share/em_armgcc/bin/../lib/gcc/arm-none-eabi/5.4.1/../../../../arm-none-eabi/lib/armv7-m\libg_n.a(lib_a-memset.o)
                0x08001260                memset
 .text._exit    0x08001270        0x2 f:/program files/1.11/share/em_armgcc/bin/../lib/gcc/arm-none-eabi/5.4.1/../../../../arm-none-eabi/lib/armv7-m\libnosys_s.a(_exit.o)
                0x08001270                _exit
 *(.init)
 *fill*         0x08001272        0x2 
 .init          0x08001274        0x4 f:/program files/1.11/share/em_armgcc/bin/../lib/gcc/arm-none-eabi/5.4.1/armv7-m/crti.o
                0x08001274                _init
 .init          0x08001278        0x8 f:/program files/1.11/share/em_armgcc/bin/../lib/gcc/arm-none-eabi/5.4.1/armv7-m/crtn.o
 *(.fini)
 .fini          0x08001280        0x4 f:/program files/1.11/share/em_armgcc/bin/../lib/gcc/arm-none-eabi/5.4.1/armv7-m/crti.o
                0x08001280                _fini
 .fini          0x08001284        0x8 f:/program files/1.11/share/em_armgcc/bin/../lib/gcc/arm-none-eabi/5.4.1/armv7-m/crtn.o
 *crtbegin.o(.ctors)
 *crtbegin?.o(.ctors)
 *(EXCLUDE_FILE(*crtend.o *crtend?.o) .ctors)
 *(SORT(.ctors.*))
 *(.ctors)
 *crtbegin.o(.dtors)
 *crtbegin?.o(.dtors)
 *(EXCLUDE_FILE(*crtend.o *crtend?.o) .dtors)
 *(SORT(.dtors.*))
 *(.dtors)
 *(.rodata*)
 .rodata.str1.1
                0x0800128c        0x2 f:/program files/1.11/share/em_armgcc/bin/../lib/gcc/arm-none-eabi/5.4.1/../../../../arm-none-eabi/lib/armv7-m\libg_n.a(lib_a-impure.o)
 *fill*         0x0800128e        0x2 
 .rodata._global_impure_ptr
                0x08001290        0x4 f:/program files/1.11/share/em_armgcc/bin/../lib/gcc/arm-none-eabi/5.4.1/../../../../arm-none-eabi/lib/armv7-m\libg_n.a(lib_a-impure.o)
                0x08001290                _global_impure_ptr
 *(.eh_frame*)
 .eh_frame      0x08001294        0x0 f:/program files/1.11/share/em_armgcc/bin/../lib/gcc/arm-none-eabi/5.4.1/armv7-m/crtbegin.o
 .eh_frame      0x08001294        0x4 f:/program files/1.11/share/em_armgcc/bin/../lib/gcc/arm-none-eabi/5.4.1/armv7-m/crtend.o

.glue_7         0x08001298        0x0
 .glue_7        0x08001298        0x0 linker stubs

.glue_7t        0x08001298        0x0
 .glue_7t       0x08001298        0x0 linker stubs

.vfp11_veneer   0x08001298        0x0
 .vfp11_veneer  0x08001298        0x0 linker stubs

.v4_bx          0x08001298        0x0
 .v4_bx         0x08001298        0x0 linker stubs

.iplt           0x08001298        0x0
 .iplt          0x08001298        0x0 f:/program files/1.11/share/em_armgcc/bin/../lib/gcc/arm-none-eabi/5.4.1/armv7-m/crtbegin.o

.ARM.extab
 *(.ARM.extab* .gnu.linkonce.armextab.*)
                0x08001298                __exidx_start = .

.ARM.exidx      0x08001298        0x8
 *(.ARM.exidx* .gnu.linkonce.armexidx.*)
 .ARM.exidx     0x08001298        0x8 f:/program files/1.11/share/em_armgcc/bin/../lib/gcc/arm-none-eabi/5.4.1/../../../../arm-none-eabi/lib/armv7-m/crt0.o
                0x080012a0                __exidx_end = .
                0x080012a0                __etext = .

.rel.dyn        0x080012a0        0x0
 .rel.iplt      0x080012a0        0x0 f:/program files/1.11/share/em_armgcc/bin/../lib/gcc/arm-none-eabi/5.4.1/armv7-m/crtbegin.o

.data           0x20000000       0x68 load address 0x080012a0
                0x20000000                __data_start__ = .
 *(vtable)
 *(.data*)
 .data.impure_data
                0x20000000       0x60 f:/program files/1.11/share/em_armgcc/bin/../lib/gcc/arm-none-eabi/5.4.1/../../../../arm-none-eabi/lib/armv7-m\libg_n.a(lib_a-impure.o)
                0x20000060                . = ALIGN (0x4)
                0x20000060                PROVIDE (__preinit_array_start, .)
 *(.preinit_array)
                0x20000060                PROVIDE (__preinit_array_end, .)
                0x20000060                . = ALIGN (0x4)
                0x20000060                PROVIDE (__init_array_start, .)
 *(SORT(.init_array.*))
 *(.init_array)
 .init_array    0x20000060        0x4 f:/program files/1.11/share/em_armgcc/bin/../lib/gcc/arm-none-eabi/5.4.1/armv7-m/crtbegin.o
                0x20000064                PROVIDE (__init_array_end, .)
                0x20000064                . = ALIGN (0x4)
                [!provide]                PROVIDE (__fini_array_start, .)
 *(SORT(.fini_array.*))
 *(.fini_array)
 .fini_array    0x20000064        0x4 f:/program files/1.11/share/em_armgcc/bin/../lib/gcc/arm-none-eabi/5.4.1/armv7-m/crtbegin.o
                [!provide]                PROVIDE (__fini_array_end, .)
                0x20000068                . = ALIGN (0x4)
                0x20000068                __data_end__ = .

.jcr            0x20000068        0x0 load address 0x08001308
 .jcr           0x20000068        0x0 f:/program files/1.11/share/em_armgcc/bin/../lib/gcc/arm-none-eabi/5.4.1/armv7-m/crtbegin.o

.igot.plt       0x20000068        0x0 load address 0x08001308
 .igot.plt      0x20000068        0x0 f:/program files/1.11/share/em_armgcc/bin/../lib/gcc/arm-none-eabi/5.4.1/armv7-m/crtbegin.o

.bss            0x20000068       0x60 load address 0x08001308
                0x20000068                __bss_start__ = .
 *(.bss*)
 .bss           0x20000068       0x1c f:/program files/1.11/share/em_armgcc/bin/../lib/gcc/arm-none-eabi/5.4.1/armv7-m/crtbegin.o
 .bss.globalTime
                0x20000084        0x4 obj\debug\library\interrupts.o
                0x20000084                globalTime
 .bss.seconds   0x20000088        0x1 obj\debug\library\interrupts.o
                0x20000088                seconds
 .bss.minutes   0x20000089        0x1 obj\debug\library\interrupts.o
                0x20000089                minutes
 *fill*         0x2000008a        0x2 
 .bss.testSpeed
                0x2000008c        0x4 obj\debug\library\interrupts.o
                0x2000008c                testSpeed
 .bss.encoderData
                0x20000090        0x4 obj\debug\stand\regulator.o
                0x20000090                encoderData
 *(COMMON)
 COMMON         0x20000094        0x4 obj\debug\library\interrupts.o
                0x20000094                status
 COMMON         0x20000098       0x30 obj\debug\stand\regulator.o
                0x20000098                BCRPreg
                0x200000c8                __bss_end__ = .

.heap           0x200000c8        0x0
                0x200000c8                __end__ = .
                0x200000c8                end = __end__
 *(.heap*)
 .heap          0x200000c8        0x0 obj\debug\src\startup_stm32f10x_md.o
                0x200000c8                __HeapLimit = .

.stack_dummy    0x200000c8      0x100
 *(.stack)
 .stack         0x200000c8      0x100 obj\debug\src\startup_stm32f10x_md.o
                0x20005000                __StackTop = (ORIGIN (RAM) + LENGTH (RAM))
                0x20004f00                __StackLimit = (__StackTop - SIZEOF (.stack_dummy))
                0x20005000                PROVIDE (__stack, __StackTop)
                0x00000001                ASSERT ((__StackLimit >= __HeapLimit), region RAM overflowed with stack)
LOAD obj\debug\library\board.o
LOAD obj\debug\library\interrupts.o
LOAD obj\debug\spl\src\misc.o
LOAD obj\debug\spl\src\stm32f10x_adc.o
LOAD obj\debug\spl\src\stm32f10x_bkp.o
LOAD obj\debug\spl\src\stm32f10x_can.o
LOAD obj\debug\spl\src\stm32f10x_cec.o
LOAD obj\debug\spl\src\stm32f10x_crc.o
LOAD obj\debug\spl\src\stm32f10x_dac.o
LOAD obj\debug\spl\src\stm32f10x_dbgmcu.o
LOAD obj\debug\spl\src\stm32f10x_dma.o
LOAD obj\debug\spl\src\stm32f10x_exti.o
LOAD obj\debug\spl\src\stm32f10x_flash.o
LOAD obj\debug\spl\src\stm32f10x_fsmc.o
LOAD obj\debug\spl\src\stm32f10x_gpio.o
LOAD obj\debug\spl\src\stm32f10x_i2c.o
LOAD obj\debug\spl\src\stm32f10x_iwdg.o
LOAD obj\debug\spl\src\stm32f10x_pwr.o
LOAD obj\debug\spl\src\stm32f10x_rcc.o
LOAD obj\debug\spl\src\stm32f10x_rtc.o
LOAD obj\debug\spl\src\stm32f10x_sdio.o
LOAD obj\debug\spl\src\stm32f10x_spi.o
LOAD obj\debug\spl\src\stm32f10x_tim.o
LOAD obj\debug\spl\src\stm32f10x_usart.o
LOAD obj\debug\spl\src\stm32f10x_wwdg.o
LOAD obj\debug\src\main.o
LOAD obj\debug\src\startup_stm32f10x_md.o
LOAD obj\debug\src\system_stm32f10x.o
LOAD obj\debug\stand\medical.o
LOAD obj\debug\stand\regulator.o
START GROUP
LOAD f:/program files/1.11/share/em_armgcc/bin/../lib/gcc/arm-none-eabi/5.4.1/armv7-m\libgcc.a
LOAD f:/program files/1.11/share/em_armgcc/bin/../lib/gcc/arm-none-eabi/5.4.1/../../../../arm-none-eabi/lib/armv7-m\libg_n.a
LOAD f:/program files/1.11/share/em_armgcc/bin/../lib/gcc/arm-none-eabi/5.4.1/../../../../arm-none-eabi/lib/armv7-m\libc_n.a
END GROUP
START GROUP
LOAD f:/program files/1.11/share/em_armgcc/bin/../lib/gcc/arm-none-eabi/5.4.1/armv7-m\libgcc.a
LOAD f:/program files/1.11/share/em_armgcc/bin/../lib/gcc/arm-none-eabi/5.4.1/../../../../arm-none-eabi/lib/armv7-m\libc_n.a
LOAD f:/program files/1.11/share/em_armgcc/bin/../lib/gcc/arm-none-eabi/5.4.1/../../../../arm-none-eabi/lib/armv7-m\libnosys_s.a
END GROUP
LOAD f:/program files/1.11/share/em_armgcc/bin/../lib/gcc/arm-none-eabi/5.4.1/armv7-m/crtend.o
LOAD f:/program files/1.11/share/em_armgcc/bin/../lib/gcc/arm-none-eabi/5.4.1/armv7-m/crtn.o
OUTPUT(bin\Debug\Stand_stm32f103.elf elf32-littlearm)

.ARM.attributes
                0x00000000       0x29
 .ARM.attributes
                0x00000000       0x1d f:/program files/1.11/share/em_armgcc/bin/../lib/gcc/arm-none-eabi/5.4.1/armv7-m/crti.o
 .ARM.attributes
                0x0000001d       0x2d f:/program files/1.11/share/em_armgcc/bin/../lib/gcc/arm-none-eabi/5.4.1/armv7-m/crtbegin.o
 .ARM.attributes
                0x0000004a       0x1b f:/program files/1.11/share/em_armgcc/bin/../lib/gcc/arm-none-eabi/5.4.1/../../../../arm-none-eabi/lib/armv7-m/crt0.o
 .ARM.attributes
                0x00000065       0x33 obj\debug\library\board.o
 .ARM.attributes
                0x00000098       0x33 obj\debug\library\interrupts.o
 .ARM.attributes
                0x000000cb       0x33 obj\debug\spl\src\stm32f10x_rcc.o
 .ARM.attributes
                0x000000fe       0x33 obj\debug\src\main.o
 .ARM.attributes
                0x00000131       0x1b obj\debug\src\startup_stm32f10x_md.o
 .ARM.attributes
                0x0000014c       0x33 obj\debug\src\system_stm32f10x.o
 .ARM.attributes
                0x0000017f       0x33 obj\debug\stand\regulator.o
 .ARM.attributes
                0x000001b2       0x1d f:/program files/1.11/share/em_armgcc/bin/../lib/gcc/arm-none-eabi/5.4.1/armv7-m\libgcc.a(_arm_addsubdf3.o)
 .ARM.attributes
                0x000001cf       0x2d f:/program files/1.11/share/em_armgcc/bin/../lib/gcc/arm-none-eabi/5.4.1/../../../../arm-none-eabi/lib/armv7-m\libg_n.a(lib_a-exit.o)
 .ARM.attributes
                0x000001fc       0x2d f:/program files/1.11/share/em_armgcc/bin/../lib/gcc/arm-none-eabi/5.4.1/../../../../arm-none-eabi/lib/armv7-m\libg_n.a(lib_a-impure.o)
 .ARM.attributes
                0x00000229       0x2d f:/program files/1.11/share/em_armgcc/bin/../lib/gcc/arm-none-eabi/5.4.1/../../../../arm-none-eabi/lib/armv7-m\libg_n.a(lib_a-init.o)
 .ARM.attributes
                0x00000256       0x2d f:/program files/1.11/share/em_armgcc/bin/../lib/gcc/arm-none-eabi/5.4.1/../../../../arm-none-eabi/lib/armv7-m\libg_n.a(lib_a-memset.o)
 .ARM.attributes
                0x00000283       0x2d f:/program files/1.11/share/em_armgcc/bin/../lib/gcc/arm-none-eabi/5.4.1/../../../../arm-none-eabi/lib/armv7-m\libnosys_s.a(_exit.o)
 .ARM.attributes
                0x000002b0       0x2d f:/program files/1.11/share/em_armgcc/bin/../lib/gcc/arm-none-eabi/5.4.1/armv7-m/crtend.o
 .ARM.attributes
                0x000002dd       0x1d f:/program files/1.11/share/em_armgcc/bin/../lib/gcc/arm-none-eabi/5.4.1/armv7-m/crtn.o

.comment        0x00000000       0x6e
 .comment       0x00000000       0x6e obj\debug\library\board.o
                                 0x6f (size before relaxing)
 .comment       0x0000006e       0x6f obj\debug\library\interrupts.o
 .comment       0x0000006e       0x6f obj\debug\spl\src\stm32f10x_rcc.o
 .comment       0x0000006e       0x6f obj\debug\src\main.o
 .comment       0x0000006e       0x6f obj\debug\src\system_stm32f10x.o
 .comment       0x0000006e       0x6f obj\debug\stand\regulator.o

.debug_info     0x00000000     0x236d
 .debug_info    0x00000000      0xae7 obj\debug\library\board.o
 .debug_info    0x00000ae7      0x4c8 obj\debug\library\interrupts.o
 .debug_info    0x00000faf      0x8ab obj\debug\spl\src\stm32f10x_rcc.o
 .debug_info    0x0000185a      0x11e obj\debug\src\main.o
 .debug_info    0x00001978       0x66 obj\debug\src\startup_stm32f10x_md.o
 .debug_info    0x000019de      0x4a4 obj\debug\src\system_stm32f10x.o
 .debug_info    0x00001e82      0x4eb obj\debug\stand\regulator.o

.debug_abbrev   0x00000000      0x7cf
 .debug_abbrev  0x00000000      0x1d4 obj\debug\library\board.o
 .debug_abbrev  0x000001d4      0x11b obj\debug\library\interrupts.o
 .debug_abbrev  0x000002ef      0x1c1 obj\debug\spl\src\stm32f10x_rcc.o
 .debug_abbrev  0x000004b0       0xa8 obj\debug\src\main.o
 .debug_abbrev  0x00000558       0x14 obj\debug\src\startup_stm32f10x_md.o
 .debug_abbrev  0x0000056c      0x153 obj\debug\src\system_stm32f10x.o
 .debug_abbrev  0x000006bf      0x110 obj\debug\stand\regulator.o

.debug_aranges  0x00000000      0x278
 .debug_aranges
                0x00000000       0x68 obj\debug\library\board.o
 .debug_aranges
                0x00000068       0x48 obj\debug\library\interrupts.o
 .debug_aranges
                0x000000b0      0x118 obj\debug\spl\src\stm32f10x_rcc.o
 .debug_aranges
                0x000001c8       0x20 obj\debug\src\main.o
 .debug_aranges
                0x000001e8       0x20 obj\debug\src\startup_stm32f10x_md.o
 .debug_aranges
                0x00000208       0x38 obj\debug\src\system_stm32f10x.o
 .debug_aranges
                0x00000240       0x38 obj\debug\stand\regulator.o

.debug_ranges   0x00000000      0x1f8
 .debug_ranges  0x00000000       0x58 obj\debug\library\board.o
 .debug_ranges  0x00000058       0x38 obj\debug\library\interrupts.o
 .debug_ranges  0x00000090      0x108 obj\debug\spl\src\stm32f10x_rcc.o
 .debug_ranges  0x00000198       0x10 obj\debug\src\main.o
 .debug_ranges  0x000001a8       0x28 obj\debug\src\system_stm32f10x.o
 .debug_ranges  0x000001d0       0x28 obj\debug\stand\regulator.o

.debug_macro    0x00000000     0xf2ff
 .debug_macro   0x00000000      0x334 obj\debug\library\board.o
 .debug_macro   0x00000334      0x886 obj\debug\library\board.o
 .debug_macro   0x00000bba       0x5d obj\debug\library\board.o
 .debug_macro   0x00000c17       0x3a obj\debug\library\board.o
 .debug_macro   0x00000c51       0x22 obj\debug\library\board.o
 .debug_macro   0x00000c73       0x87 obj\debug\library\board.o
 .debug_macro   0x00000cfa       0x44 obj\debug\library\board.o
 .debug_macro   0x00000d3e       0xfd obj\debug\library\board.o
 .debug_macro   0x00000e3b       0x5e obj\debug\library\board.o
 .debug_macro   0x00000e99      0x1df obj\debug\library\board.o
 .debug_macro   0x00001078       0x18 obj\debug\library\board.o
 .debug_macro   0x00001090      0xa36 obj\debug\library\board.o
 .debug_macro   0x00001ac6     0x7eb3 obj\debug\library\board.o
 .debug_macro   0x00009979      0x2df obj\debug\library\board.o
 .debug_macro   0x00009c58      0x144 obj\debug\library\board.o
 .debug_macro   0x00009d9c      0x3cf obj\debug\library\board.o
 .debug_macro   0x0000a16b       0xc8 obj\debug\library\board.o
 .debug_macro   0x0000a233      0x17a obj\debug\library\board.o
 .debug_macro   0x0000a3ad       0xac obj\debug\library\board.o
 .debug_macro   0x0000a459      0x3ad obj\debug\library\board.o
 .debug_macro   0x0000a806       0x9a obj\debug\library\board.o
 .debug_macro   0x0000a8a0      0x2cf obj\debug\library\board.o
 .debug_macro   0x0000ab6f      0x279 obj\debug\library\board.o
 .debug_macro   0x0000ade8      0x2ac obj\debug\library\board.o
 .debug_macro   0x0000b094      0x2b1 obj\debug\library\board.o
 .debug_macro   0x0000b345       0x64 obj\debug\library\board.o
 .debug_macro   0x0000b3a9       0x82 obj\debug\library\board.o
 .debug_macro   0x0000b42b      0x3e2 obj\debug\library\board.o
 .debug_macro   0x0000b80d       0x58 obj\debug\library\board.o
 .debug_macro   0x0000b865      0x341 obj\debug\library\board.o
 .debug_macro   0x0000bba6      0x2c4 obj\debug\library\board.o
 .debug_macro   0x0000be6a      0x711 obj\debug\library\board.o
 .debug_macro   0x0000c57b      0x220 obj\debug\library\board.o
 .debug_macro   0x0000c79b       0x34 obj\debug\library\board.o
 .debug_macro   0x0000c7cf       0x8b obj\debug\library\board.o
 .debug_macro   0x0000c85a       0x35 obj\debug\library\board.o
 .debug_macro   0x0000c88f       0x52 obj\debug\library\board.o
 .debug_macro   0x0000c8e1       0x35 obj\debug\library\board.o
 .debug_macro   0x0000c916       0x9c obj\debug\library\board.o
 .debug_macro   0x0000c9b2       0x16 obj\debug\library\board.o
 .debug_macro   0x0000c9c8       0x97 obj\debug\library\board.o
 .debug_macro   0x0000ca5f      0x30d obj\debug\library\board.o
 .debug_macro   0x0000cd6c       0xfd obj\debug\library\board.o
 .debug_macro   0x0000ce69       0x10 obj\debug\library\board.o
 .debug_macro   0x0000ce79       0x52 obj\debug\library\board.o
 .debug_macro   0x0000cecb       0x1f obj\debug\library\board.o
 .debug_macro   0x0000ceea       0x43 obj\debug\library\board.o
 .debug_macro   0x0000cf2d       0x20 obj\debug\library\board.o
 .debug_macro   0x0000cf4d      0x187 obj\debug\library\board.o
 .debug_macro   0x0000d0d4       0x10 obj\debug\library\board.o
 .debug_macro   0x0000d0e4       0x1c obj\debug\library\board.o
 .debug_macro   0x0000d100       0x52 obj\debug\library\board.o
 .debug_macro   0x0000d152       0x40 obj\debug\library\board.o
 .debug_macro   0x0000d192       0x10 obj\debug\library\board.o
 .debug_macro   0x0000d1a2       0x40 obj\debug\library\board.o
 .debug_macro   0x0000d1e2       0xd7 obj\debug\library\board.o
 .debug_macro   0x0000d2b9       0x16 obj\debug\library\board.o
 .debug_macro   0x0000d2cf      0x189 obj\debug\library\board.o
 .debug_macro   0x0000d458      0x1e1 obj\debug\library\board.o
 .debug_macro   0x0000d639      0x24f obj\debug\library\board.o
 .debug_macro   0x0000d888       0x22 obj\debug\library\board.o
 .debug_macro   0x0000d8aa      0x334 obj\debug\library\interrupts.o
 .debug_macro   0x0000dbde      0x2b4 obj\debug\spl\src\stm32f10x_rcc.o
 .debug_macro   0x0000de92      0x3dc obj\debug\spl\src\stm32f10x_rcc.o
 .debug_macro   0x0000e26e      0x330 obj\debug\src\main.o
 .debug_macro   0x0000e59e      0x19b obj\debug\src\system_stm32f10x.o
 .debug_macro   0x0000e739      0x892 obj\debug\src\system_stm32f10x.o
 .debug_macro   0x0000efcb      0x334 obj\debug\stand\regulator.o

.debug_line     0x00000000     0x2329
 .debug_line    0x00000000      0x695 obj\debug\library\board.o
 .debug_line    0x00000695      0x5ea obj\debug\library\interrupts.o
 .debug_line    0x00000c7f      0x6b1 obj\debug\spl\src\stm32f10x_rcc.o
 .debug_line    0x00001330      0x565 obj\debug\src\main.o
 .debug_line    0x00001895       0xa8 obj\debug\src\startup_stm32f10x_md.o
 .debug_line    0x0000193d      0x479 obj\debug\src\system_stm32f10x.o
 .debug_line    0x00001db6      0x573 obj\debug\stand\regulator.o

.debug_str      0x00000000    0x54b9e
 .debug_str     0x00000000    0x53d30 obj\debug\library\board.o
                              0x53f45 (size before relaxing)
 .debug_str     0x00053d30       0xfc obj\debug\library\interrupts.o
                              0x53b92 (size before relaxing)
 .debug_str     0x00053e2c      0xb9c obj\debug\spl\src\stm32f10x_rcc.o
                              0x4f1e7 (size before relaxing)
 .debug_str     0x000549c8       0x44 obj\debug\src\main.o
                              0x53979 (size before relaxing)
 .debug_str     0x00054a0c       0xce obj\debug\src\system_stm32f10x.o
                              0x4e7d9 (size before relaxing)
 .debug_str     0x00054ada       0xc4 obj\debug\stand\regulator.o
                              0x53bbd (size before relaxing)

.debug_frame    0x00000000      0x954
 .debug_frame   0x00000000      0x198 obj\debug\library\board.o
 .debug_frame   0x00000198       0xd0 obj\debug\library\interrupts.o
 .debug_frame   0x00000268      0x4f4 obj\debug\spl\src\stm32f10x_rcc.o
 .debug_frame   0x0000075c       0x2c obj\debug\src\main.o
 .debug_frame   0x00000788       0x98 obj\debug\src\system_stm32f10x.o
 .debug_frame   0x00000820       0xa0 obj\debug\stand\regulator.o
 .debug_frame   0x000008c0       0x28 f:/program files/1.11/share/em_armgcc/bin/../lib/gcc/arm-none-eabi/5.4.1/../../../../arm-none-eabi/lib/armv7-m\libg_n.a(lib_a-exit.o)
 .debug_frame   0x000008e8       0x2c f:/program files/1.11/share/em_armgcc/bin/../lib/gcc/arm-none-eabi/5.4.1/../../../../arm-none-eabi/lib/armv7-m\libg_n.a(lib_a-init.o)
 .debug_frame   0x00000914       0x20 f:/program files/1.11/share/em_armgcc/bin/../lib/gcc/arm-none-eabi/5.4.1/../../../../arm-none-eabi/lib/armv7-m\libg_n.a(lib_a-memset.o)
 .debug_frame   0x00000934       0x20 f:/program files/1.11/share/em_armgcc/bin/../lib/gcc/arm-none-eabi/5.4.1/../../../../arm-none-eabi/lib/armv7-m\libnosys_s.a(_exit.o)
